python : SyntaxError: Non-UTF-8 code starting with '\xe2' in file 
C:\Users\jvdja\OneDrive\Desktop\VehicleEntryTracker\test_functional.py on line 
60, but no encoding declared; see https://peps.python.org/pep-0263/ for details
At line:1 char:1
+ python test_functional.py 2>&1 > test_output.txt; Get-Content test_ou ...
+ ~~~~~~~~~~~~~~~~~~~~~~~~~~~~~~~~~~~~~~~~~~~~~~~~
    + CategoryInfo          : NotSpecified: (SyntaxError: No...63/ for details:St 
   ring) [], RemoteException
    + FullyQualifiedErrorId : NativeCommandError
 
